2025-12-02 10:14:17 - INFO - Creating new EmbodiedRAG instance...
2025-12-02 10:14:17 - INFO - Found 27 visual recognition folders.
2025-12-02 10:14:17 - INFO - --------------------------------
2025-12-02 10:14:17 - INFO - Processing visual recognition results for step1 from folder: visual_recognition_minicar/step1
2025-12-02 10:14:17 - WARNING - shelf
2025-12-02 10:14:17 - INFO - before:{}{}
2025-12-02 10:14:17 - WARNING - Not enough landmark nodes to find the 1th nearest for shelf.
2025-12-02 10:14:17 - INFO - Successfully landmark node: shelf, position: [ 1.44804687  0.46479904 -3.57      ], confidence: 0.9263581037521362 
2025-12-02 10:14:17 - INFO - after:{0: 'shelf'}{0: 'shelf'}
2025-12-02 10:14:17 - INFO - Added landmark node: shelf (0.9263581037521362)
2025-12-02 10:14:17 - WARNING - Not enough landmark nodes to find the 1th nearest for shelf.
2025-12-02 10:14:17 - WARNING - shelf
2025-12-02 10:14:17 - INFO - before:{0: 'shelf'}{0: 'shelf'}
2025-12-02 10:14:17 - INFO - Successfully landmark node: shelf_1, position: [ 1.277325    0.26272965 -1.822     ], confidence: 0.9129953980445862 
2025-12-02 10:14:17 - INFO - after:{0: 'shelf', 1: 'shelf_1'}{0: 'shelf', 1: 'shelf_1'}
2025-12-02 10:14:17 - INFO - Added landmark node: shelf (0.9129953980445862)
2025-12-02 10:14:17 - INFO - Added edge from shelf_1 to nearest landmark shelf with relation above and distance 1.7679032766672618
2025-12-02 10:14:17 - WARNING - shelf
2025-12-02 10:14:17 - INFO - before:{0: 'shelf', 1: 'shelf_1'}{0: 'shelf', 1: 'shelf_1'}
2025-12-02 10:14:17 - INFO - Successfully landmark node: shelf_2, position: [ 1.90945312  0.77087968 -8.347     ], confidence: 0.8575454950332642 
2025-12-02 10:14:17 - INFO - after:{0: 'shelf', 1: 'shelf_1', 2: 'shelf_2'}{0: 'shelf', 1: 'shelf_1', 2: 'shelf_2'}
2025-12-02 10:14:17 - INFO - Added landmark node: shelf (0.8575454950332642)
2025-12-02 10:14:17 - INFO - Added edge from shelf_2 to nearest landmark shelf with relation below and distance 4.808982229808684
2025-12-02 10:14:17 - WARNING - chair
2025-12-02 10:14:18 - INFO - Successfully object node: chair, position: [ 0.48770625  0.31117255 -8.636     ], confidence: 0.7461242079734802 
2025-12-02 10:14:18 - INFO - Added object node: chair (0.7461242079734802)
2025-12-02 10:14:18 - INFO - Added edge from chair to nearest landmark shelf_2 with relation right_of and distance 1.521911897839265
2025-12-02 10:14:18 - WARNING - chair
2025-12-02 10:14:18 - INFO - Successfully object node: chair_4, position: [ 1.51475     0.03727117 -3.52      ], confidence: 0.7071099281311035 
2025-12-02 10:14:18 - INFO - Added object node: chair (0.7071099281311035)
2025-12-02 10:14:18 - INFO - Added edge from chair_4 to nearest landmark shelf with relation behind and distance 0.435579373040206
2025-12-02 10:14:18 - INFO - Ignoring low confidence detection: table (0.6704162359237671)
2025-12-02 10:14:18 - INFO - Ignoring low confidence detection: guard (0.3639003038406372)
2025-12-02 10:14:18 - INFO - Ignoring low confidence detection: guard (0.3303147256374359)
2025-12-02 10:14:18 - INFO - 知识图谱已保存至 /home/gwk/langChain_Test/graphs_minicar/visual_0_current_globalgraph.html
2025-12-02 10:14:18 - INFO - 当前步骤全局知识图已保存为 graphs_minicar/visual_0_current_globalgraph.html
2025-12-02 10:14:18 - INFO - --------------------------------
2025-12-02 10:14:18 - INFO - Processing visual recognition results for step2 from folder: visual_recognition_minicar/step2
2025-12-02 10:14:18 - INFO - Label shelf Position [ 1.43735     0.46103023 -3.182     ] is occupied at index 0 by node shelf
2025-12-02 10:14:18 - INFO - Same class detected for occupied node shelf. Updating confidence and position.
2025-12-02 10:14:18 - INFO - Updated occupied node shelf with new confidence 0.9346919655799866 and position [1.4426984374999998, 0.4629146345839987, -3.3760000000000003]
2025-12-02 10:14:18 - WARNING - shelf
2025-12-02 10:14:18 - INFO - before:{0: 'shelf', 1: 'shelf_1', 2: 'shelf_2'}{0: 'shelf', 1: 'shelf_1', 2: 'shelf_2', 3: 'chair', 4: 'chair_4'}
2025-12-02 10:14:18 - INFO - Successfully landmark node: shelf_5, position: [ 1.27147187  0.26256768 -1.421     ], confidence: 0.9125362634658813 
2025-12-02 10:14:18 - INFO - after:{0: 'shelf', 1: 'shelf_1', 2: 'shelf_2', 3: 'shelf_5'}{0: 'shelf', 1: 'shelf_1', 2: 'shelf_2', 3: 'chair', 4: 'chair_4', 5: 'shelf_5'}
2025-12-02 10:14:18 - INFO - Added landmark node: shelf (0.9125362634658813)
2025-12-02 10:14:18 - INFO - Added edge from shelf_5 to nearest landmark shelf_1 with relation above and distance 0.40104275344369233
2025-12-02 10:14:18 - WARNING - shelf
2025-12-02 10:14:18 - INFO - before:{0: 'shelf', 1: 'shelf_1', 2: 'shelf_2', 3: 'shelf_5'}{0: 'shelf', 1: 'shelf_1', 2: 'shelf_2', 3: 'chair', 4: 'chair_4', 5: 'shelf_5'}
2025-12-02 10:14:18 - INFO - Successfully landmark node: shelf_6, position: [ 1.87126406  0.77087968 -7.947     ], confidence: 0.8774896264076233 
2025-12-02 10:14:18 - INFO - after:{0: 'shelf', 1: 'shelf_1', 2: 'shelf_2', 3: 'shelf_5', 4: 'shelf_6'}{0: 'shelf', 1: 'shelf_1', 2: 'shelf_2', 3: 'chair', 4: 'chair_4', 5: 'shelf_5', 6: 'shelf_6'}
2025-12-02 10:14:18 - INFO - Added landmark node: shelf (0.8774896264076233)
2025-12-02 10:14:18 - INFO - Added edge from shelf_6 to nearest landmark shelf_2 with relation above and distance 0.40181887619050516
2025-12-02 10:14:18 - INFO - Label chair Position [ 0.46446094  0.29965441 -8.293     ] is occupied at index 3 by node chair
2025-12-02 10:14:18 - INFO - Same class detected for occupied node chair. Updating confidence and position.
2025-12-02 10:14:18 - INFO - Updated occupied node chair with new confidence 0.7461242079734802 and position [0.4760835937499999, 0.30541348114906874, -8.464500000000001]
2025-12-02 10:14:18 - WARNING - table
2025-12-02 10:14:18 - INFO - before:{0: 'shelf', 1: 'shelf_1', 2: 'shelf_2', 3: 'shelf_5', 4: 'shelf_6'}{0: 'shelf', 1: 'shelf_1', 2: 'shelf_2', 3: 'chair', 4: 'chair_4', 5: 'shelf_5', 6: 'shelf_6'}
2025-12-02 10:14:18 - INFO - Successfully landmark node: table, position: [-0.39055156 -0.06583076 -0.533     ], confidence: 0.7075891494750977 
2025-12-02 10:14:18 - INFO - after:{0: 'shelf', 1: 'shelf_1', 2: 'shelf_2', 3: 'shelf_5', 4: 'shelf_6', 5: 'table'}{0: 'shelf', 1: 'shelf_1', 2: 'shelf_2', 3: 'chair', 4: 'chair_4', 5: 'shelf_5', 6: 'shelf_6', 7: 'table'}
2025-12-02 10:14:18 - INFO - Added landmark node: table (0.7075891494750977)
2025-12-02 10:14:18 - INFO - Added edge from table to nearest landmark shelf_5 with relation right_of and distance 1.9127758468088258
2025-12-02 10:14:18 - INFO - Ignoring low confidence detection: chair (0.6509464979171753)
2025-12-02 10:14:18 - INFO - Ignoring low confidence detection: guard (0.3448466658592224)
2025-12-02 10:14:18 - INFO - Ignoring low confidence detection: guard (0.343387633562088)
2025-12-02 10:14:18 - INFO - Ignoring low confidence detection: guard (0.31630250811576843)
2025-12-02 10:14:18 - INFO - 知识图谱已保存至 /home/gwk/langChain_Test/graphs_minicar/visual_1_current_globalgraph.html
2025-12-02 10:14:18 - INFO - 当前步骤全局知识图已保存为 graphs_minicar/visual_1_current_globalgraph.html
2025-12-02 10:14:18 - INFO - --------------------------------
2025-12-02 10:14:18 - INFO - Processing visual recognition results for step3 from folder: visual_recognition_minicar/step3
2025-12-02 10:14:18 - WARNING - shelf
2025-12-02 10:14:18 - INFO - before:{0: 'shelf', 1: 'shelf_1', 2: 'shelf_2', 3: 'shelf_5', 4: 'shelf_6', 5: 'table'}{0: 'shelf', 1: 'shelf_1', 2: 'shelf_2', 3: 'chair', 4: 'chair_4', 5: 'shelf_5', 6: 'shelf_6', 7: 'table'}
2025-12-02 10:14:18 - INFO - Successfully landmark node: shelf_8, position: [ 2.2038875   0.72040484 -4.692     ], confidence: 0.9422833919525146 
2025-12-02 10:14:18 - INFO - after:{0: 'shelf', 1: 'shelf_1', 2: 'shelf_2', 3: 'shelf_5', 4: 'shelf_6', 5: 'table', 6: 'shelf_8'}{0: 'shelf', 1: 'shelf_1', 2: 'shelf_2', 3: 'chair', 4: 'chair_4', 5: 'shelf_5', 6: 'shelf_6', 7: 'table', 8: 'shelf_8'}
2025-12-02 10:14:18 - INFO - Added landmark node: shelf (0.9422833919525146)
2025-12-02 10:14:18 - INFO - Added edge from shelf_8 to nearest landmark shelf with relation below and distance 1.3767764424251494
2025-12-02 10:14:18 - WARNING - shelf
2025-12-02 10:14:18 - INFO - before:{0: 'shelf', 1: 'shelf_1', 2: 'shelf_2', 3: 'shelf_5', 4: 'shelf_6', 5: 'table', 6: 'shelf_8'}{0: 'shelf', 1: 'shelf_1', 2: 'shelf_2', 3: 'chair', 4: 'chair_4', 5: 'shelf_5', 6: 'shelf_6', 7: 'table', 8: 'shelf_8'}
2025-12-02 10:14:19 - INFO - Successfully landmark node: shelf_9, position: [ 1.69379531  0.75987956 -7.379     ], confidence: 0.918371856212616 
2025-12-02 10:14:19 - INFO - after:{0: 'shelf', 1: 'shelf_1', 2: 'shelf_2', 3: 'shelf_5', 4: 'shelf_6', 5: 'table', 6: 'shelf_8', 7: 'shelf_9'}{0: 'shelf', 1: 'shelf_1', 2: 'shelf_2', 3: 'chair', 4: 'chair_4', 5: 'shelf_5', 6: 'shelf_6', 7: 'table', 8: 'shelf_8', 9: 'shelf_9'}
2025-12-02 10:14:19 - INFO - Added landmark node: shelf (0.918371856212616)
2025-12-02 10:14:19 - INFO - Added edge from shelf_9 to nearest landmark shelf_6 with relation above and distance 0.5951807735770911
2025-12-02 10:14:19 - INFO - Ignoring detection in baned list: guard.
2025-12-02 10:14:19 - INFO - Ignoring detection in baned list: guard.
2025-12-02 10:14:19 - WARNING - chair
2025-12-02 10:14:19 - INFO - Successfully object node: chair_10, position: [ 0.20899687  0.20259702 -7.631     ], confidence: 0.7148959636688232 
2025-12-02 10:14:19 - INFO - Added object node: chair (0.7148959636688232)
2025-12-02 10:14:19 - INFO - Added edge from chair_10 to nearest landmark shelf_9 with relation right_of and distance 1.6058313189826598
2025-12-02 10:14:19 - INFO - Ignoring low confidence detection: table (0.6864927411079407)
2025-12-02 10:14:19 - INFO - Ignoring low confidence detection: chair (0.6822896599769592)
2025-12-02 10:14:19 - INFO - Ignoring low confidence detection: table (0.39731210470199585)
2025-12-02 10:14:19 - INFO - Ignoring low confidence detection: chair (0.3734051585197449)
2025-12-02 10:14:19 - INFO - Ignoring low confidence detection: guard (0.3598315715789795)
2025-12-02 10:14:19 - INFO - Ignoring low confidence detection: shelf (0.30656516551971436)
2025-12-02 10:14:19 - INFO - 知识图谱已保存至 /home/gwk/langChain_Test/graphs_minicar/visual_2_current_globalgraph.html
2025-12-02 10:14:19 - INFO - 当前步骤全局知识图已保存为 graphs_minicar/visual_2_current_globalgraph.html
2025-12-02 10:14:19 - INFO - --------------------------------
2025-12-02 10:14:19 - INFO - Processing visual recognition results for step4 from folder: visual_recognition_minicar/step4
2025-12-02 10:14:19 - WARNING - shelf
2025-12-02 10:14:19 - INFO - before:{0: 'shelf', 1: 'shelf_1', 2: 'shelf_2', 3: 'shelf_5', 4: 'shelf_6', 5: 'table', 6: 'shelf_8', 7: 'shelf_9'}{0: 'shelf', 1: 'shelf_1', 2: 'shelf_2', 3: 'chair', 4: 'chair_4', 5: 'shelf_5', 6: 'shelf_6', 7: 'table', 8: 'shelf_8', 9: 'shelf_9', 10: 'chair_10'}
2025-12-02 10:14:19 - INFO - Successfully landmark node: shelf_11, position: [ 1.46767187  0.71507236 -5.745     ], confidence: 0.9447851777076721 
2025-12-02 10:14:19 - INFO - after:{0: 'shelf', 1: 'shelf_1', 2: 'shelf_2', 3: 'shelf_5', 4: 'shelf_6', 5: 'table', 6: 'shelf_8', 7: 'shelf_9', 8: 'shelf_11'}{0: 'shelf', 1: 'shelf_1', 2: 'shelf_2', 3: 'chair', 4: 'chair_4', 5: 'shelf_5', 6: 'shelf_6', 7: 'table', 8: 'shelf_8', 9: 'shelf_9', 10: 'chair_10', 11: 'shelf_11'}
2025-12-02 10:14:19 - INFO - Added landmark node: shelf (0.9447851777076721)
2025-12-02 10:14:19 - INFO - Added edge from shelf_11 to nearest landmark shelf_8 with relation below and distance 1.2848544155626693
2025-12-02 10:14:19 - WARNING - shelf
2025-12-02 10:14:19 - INFO - before:{0: 'shelf', 1: 'shelf_1', 2: 'shelf_2', 3: 'shelf_5', 4: 'shelf_6', 5: 'table', 6: 'shelf_8', 7: 'shelf_9', 8: 'shelf_11'}{0: 'shelf', 1: 'shelf_1', 2: 'shelf_2', 3: 'chair', 4: 'chair_4', 5: 'shelf_5', 6: 'shelf_6', 7: 'table', 8: 'shelf_8', 9: 'shelf_9', 10: 'chair_10', 11: 'shelf_11'}
2025-12-02 10:14:19 - INFO - Successfully landmark node: shelf_12, position: [ 2.30749062  0.72525458 -3.333     ], confidence: 0.9356975555419922 
2025-12-02 10:14:19 - INFO - after:{0: 'shelf', 1: 'shelf_1', 2: 'shelf_2', 3: 'shelf_5', 4: 'shelf_6', 5: 'table', 6: 'shelf_8', 7: 'shelf_9', 8: 'shelf_11', 9: 'shelf_12'}{0: 'shelf', 1: 'shelf_1', 2: 'shelf_2', 3: 'chair', 4: 'chair_4', 5: 'shelf_5', 6: 'shelf_6', 7: 'table', 8: 'shelf_8', 9: 'shelf_9', 10: 'chair_10', 11: 'shelf_11', 12: 'shelf_12'}
2025-12-02 10:14:19 - INFO - Added landmark node: shelf (0.9356975555419922)
2025-12-02 10:14:19 - INFO - Added edge from shelf_12 to nearest landmark shelf with relation left_of and distance 0.9287893457077482
2025-12-02 10:14:19 - INFO - Ignoring detection in baned list: guard.
2025-12-02 10:14:19 - INFO - Ignoring detection in baned list: guard.
2025-12-02 10:14:19 - WARNING - box
2025-12-02 10:14:19 - INFO - Successfully object node: box, position: [-0.1269125   0.17034399 -6.048     ], confidence: 0.8923352360725403 
2025-12-02 10:14:19 - INFO - Added object node: box (0.8923352360725403)
2025-12-02 10:14:19 - INFO - Added edge from box to nearest landmark shelf_11 with relation right_of and distance 1.7120856671833011
2025-12-02 10:14:19 - INFO - Ignoring low confidence detection: guard (0.6163854002952576)
2025-12-02 10:14:19 - INFO - Ignoring low confidence detection: table (0.568090558052063)
2025-12-02 10:14:19 - INFO - Ignoring low confidence detection: chair (0.563919186592102)
2025-12-02 10:14:19 - INFO - Ignoring low confidence detection: chair (0.5594999194145203)
2025-12-02 10:14:19 - INFO - Ignoring low confidence detection: chair (0.5072787404060364)
2025-12-02 10:14:19 - INFO - Ignoring low confidence detection: shelf (0.4838069677352905)
2025-12-02 10:14:19 - INFO - Ignoring low confidence detection: box (0.3912113904953003)
2025-12-02 10:14:19 - INFO - Ignoring low confidence detection: guard (0.36329248547554016)
2025-12-02 10:14:19 - INFO - 知识图谱已保存至 /home/gwk/langChain_Test/graphs_minicar/visual_3_current_globalgraph.html
2025-12-02 10:14:19 - INFO - 当前步骤全局知识图已保存为 graphs_minicar/visual_3_current_globalgraph.html
2025-12-02 10:14:19 - INFO - --------------------------------
2025-12-02 10:14:19 - INFO - Processing visual recognition results for step5 from folder: visual_recognition_minicar/step5
2025-12-02 10:14:19 - INFO - Ignoring detection in baned list: guard.
2025-12-02 10:14:19 - WARNING - shelf
2025-12-02 10:14:19 - INFO - before:{0: 'shelf', 1: 'shelf_1', 2: 'shelf_2', 3: 'shelf_5', 4: 'shelf_6', 5: 'table', 6: 'shelf_8', 7: 'shelf_9', 8: 'shelf_11', 9: 'shelf_12'}{0: 'shelf', 1: 'shelf_1', 2: 'shelf_2', 3: 'chair', 4: 'chair_4', 5: 'shelf_5', 6: 'shelf_6', 7: 'table', 8: 'shelf_8', 9: 'shelf_9', 10: 'chair_10', 11: 'shelf_11', 12: 'shelf_12', 13: 'box'}
2025-12-02 10:14:19 - INFO - Successfully landmark node: shelf_14, position: [ 1.49803125  0.69595726 -5.246     ], confidence: 0.9430299401283264 
2025-12-02 10:14:19 - INFO - after:{0: 'shelf', 1: 'shelf_1', 2: 'shelf_2', 3: 'shelf_5', 4: 'shelf_6', 5: 'table', 6: 'shelf_8', 7: 'shelf_9', 8: 'shelf_11', 9: 'shelf_12', 10: 'shelf_14'}{0: 'shelf', 1: 'shelf_1', 2: 'shelf_2', 3: 'chair', 4: 'chair_4', 5: 'shelf_5', 6: 'shelf_6', 7: 'table', 8: 'shelf_8', 9: 'shelf_9', 10: 'chair_10', 11: 'shelf_11', 12: 'shelf_12', 13: 'box', 14: 'shelf_14'}
2025-12-02 10:14:19 - INFO - Added landmark node: shelf (0.9430299401283264)
2025-12-02 10:14:19 - INFO - Added edge from shelf_14 to nearest landmark shelf_11 with relation above and distance 0.5002879900089723
2025-12-02 10:14:19 - INFO - Ignoring detection in baned list: guard.
2025-12-02 10:14:19 - WARNING - chair
2025-12-02 10:14:19 - INFO - Successfully object node: chair_15, position: [ 0.84372187  0.15865585 -4.322     ], confidence: 0.790702223777771 
2025-12-02 10:14:19 - INFO - Added object node: chair (0.790702223777771)
2025-12-02 10:14:19 - INFO - Added edge from chair_15 to nearest landmark shelf with relation below and distance 1.0121444348630173
2025-12-02 10:14:19 - INFO - Label shelf Position [ 0.91355469  0.19165623 -1.485     ] is occupied at index 5 by node shelf_5
2025-12-02 10:14:19 - INFO - Same class detected for occupied node shelf_5. Updating confidence and position.
2025-12-02 10:14:19 - INFO - Updated occupied node shelf_5 with new confidence 0.9125362634658813 and position [1.0925132812499998, 0.22711195464097353, -1.4529999999999998]
2025-12-02 10:14:19 - INFO - Label chair Position [ 0.736575    0.02700075 -8.618     ] is occupied at index 3 by node chair
2025-12-02 10:14:19 - INFO - Same class detected for occupied node chair. Updating confidence and position.
2025-12-02 10:14:19 - INFO - Updated occupied node chair with new confidence 0.7461242079734802 and position [0.6063292968749998, 0.1662071143690851, -8.541250001490116]
2025-12-02 10:14:19 - INFO - Ignoring low confidence detection: table (0.5004035234451294)
2025-12-02 10:14:19 - INFO - Ignoring low confidence detection: box (0.49083396792411804)
2025-12-02 10:14:19 - INFO - Ignoring low confidence detection: table (0.4514123797416687)
2025-12-02 10:14:19 - INFO - Ignoring low confidence detection: chair (0.4495789408683777)
2025-12-02 10:14:19 - INFO - Ignoring low confidence detection: guard (0.3310931921005249)
2025-12-02 10:14:19 - INFO - Ignoring low confidence detection: table (0.32793354988098145)
2025-12-02 10:14:19 - INFO - Ignoring low confidence detection: table (0.31158098578453064)
2025-12-02 10:14:19 - INFO - 知识图谱已保存至 /home/gwk/langChain_Test/graphs_minicar/visual_4_current_globalgraph.html
2025-12-02 10:14:19 - INFO - 当前步骤全局知识图已保存为 graphs_minicar/visual_4_current_globalgraph.html
2025-12-02 10:14:19 - INFO - --------------------------------
2025-12-02 10:14:19 - INFO - Processing visual recognition results for step6 from folder: visual_recognition_minicar/step6
2025-12-02 10:14:19 - INFO - Label shelf Position [ 1.56654375  0.68995763 -3.541     ] is occupied at index 0 by node shelf
2025-12-02 10:14:19 - INFO - Same class detected for occupied node shelf. Updating confidence and position.
2025-12-02 10:14:19 - INFO - Updated occupied node shelf with new confidence 0.9475470781326294 and position [1.5046210937499997, 0.5764361312634089, -3.4584999985098843]
2025-12-02 10:14:19 - INFO - Ignoring detection in baned list: guard.
2025-12-02 10:14:19 - WARNING - chair
2025-12-02 10:14:20 - INFO - Successfully object node: chair_16, position: [ 0.9095      0.10905505 -2.52      ], confidence: 0.8551515936851501 
2025-12-02 10:14:20 - INFO - Added object node: chair (0.8551515936851501)
2025-12-02 10:14:20 - INFO - Added edge from chair_16 to nearest landmark shelf_1 with relation below and distance 0.8038128552499624
2025-12-02 10:14:20 - INFO - Ignoring detection in baned list: guard.
2025-12-02 10:14:20 - WARNING - box
2025-12-02 10:14:20 - INFO - Successfully object node: box_17, position: [-0.1491      0.15303631 -3.776     ], confidence: 0.8128474950790405 
2025-12-02 10:14:20 - INFO - Added object node: box (0.8128474950790405)
2025-12-02 10:14:20 - INFO - Added edge from box_17 to nearest landmark shelf with relation right_of and distance 1.6402774575990815
2025-12-02 10:14:20 - INFO - Label chair Position [-0.2485      0.07014164 -3.776     ] is occupied at index 17 by node box_17
2025-12-02 10:14:20 - INFO - Label chair Position [-0.2485      0.07014164 -3.776     ] is occupied at index 17 by node box_17
2025-12-02 10:14:20 - INFO - Ignoring low confidence detection: chair (0.6780055165290833)
2025-12-02 10:14:20 - INFO - Ignoring low confidence detection: table (0.4261604845523834)
2025-12-02 10:14:20 - INFO - 知识图谱已保存至 /home/gwk/langChain_Test/graphs_minicar/visual_5_current_globalgraph.html
2025-12-02 10:14:20 - INFO - 当前步骤全局知识图已保存为 graphs_minicar/visual_5_current_globalgraph.html
2025-12-02 10:14:20 - INFO - --------------------------------
2025-12-02 10:14:20 - INFO - Processing visual recognition results for step7 from folder: visual_recognition_minicar/step7
2025-12-02 10:14:20 - WARNING - shelf
2025-12-02 10:14:20 - INFO - before:{0: 'shelf', 1: 'shelf_1', 2: 'shelf_2', 3: 'shelf_5', 4: 'shelf_6', 5: 'table', 6: 'shelf_8', 7: 'shelf_9', 8: 'shelf_11', 9: 'shelf_12', 10: 'shelf_14'}{0: 'shelf', 1: 'shelf_1', 2: 'shelf_2', 3: 'chair', 4: 'chair_4', 5: 'shelf_5', 6: 'shelf_6', 7: 'table', 8: 'shelf_8', 9: 'shelf_9', 10: 'chair_10', 11: 'shelf_11', 12: 'shelf_12', 13: 'box', 14: 'shelf_14', 15: 'chair_15', 16: 'chair_16', 17: 'box_17'}
2025-12-02 10:14:20 - INFO - Successfully landmark node: shelf_18, position: [ 0.89479687  0.29480146 -1.614     ], confidence: 0.9408286809921265 
2025-12-02 10:14:20 - INFO - after:{0: 'shelf', 1: 'shelf_1', 2: 'shelf_2', 3: 'shelf_5', 4: 'shelf_6', 5: 'table', 6: 'shelf_8', 7: 'shelf_9', 8: 'shelf_11', 9: 'shelf_12', 10: 'shelf_14', 11: 'shelf_18'}{0: 'shelf', 1: 'shelf_1', 2: 'shelf_2', 3: 'chair', 4: 'chair_4', 5: 'shelf_5', 6: 'shelf_6', 7: 'table', 8: 'shelf_8', 9: 'shelf_9', 10: 'chair_10', 11: 'shelf_11', 12: 'shelf_12', 13: 'box', 14: 'shelf_14', 15: 'chair_15', 16: 'chair_16', 17: 'box_17', 18: 'shelf_18'}
2025-12-02 10:14:20 - INFO - Added landmark node: shelf (0.9408286809921265)
2025-12-02 10:14:20 - INFO - Added edge from shelf_18 to nearest landmark shelf_5 with relation right_of and distance 0.42446681248787865
2025-12-02 10:14:20 - INFO - Ignoring detection in baned list: guard.
2025-12-02 10:14:20 - INFO - Ignoring detection in baned list: guard.
2025-12-02 10:14:20 - WARNING - chair
2025-12-02 10:14:20 - INFO - Successfully object node: chair_19, position: [-0.3992625   0.03152332 -3.008     ], confidence: 0.7980939745903015 
2025-12-02 10:14:20 - INFO - Added object node: chair (0.7980939745903015)
2025-12-02 10:14:20 - INFO - Added edge from chair_19 to nearest landmark shelf_18 with relation right_of and distance 1.9201929704704992
2025-12-02 10:14:20 - WARNING - table
2025-12-02 10:14:20 - INFO - before:{0: 'shelf', 1: 'shelf_1', 2: 'shelf_2', 3: 'shelf_5', 4: 'shelf_6', 5: 'table', 6: 'shelf_8', 7: 'shelf_9', 8: 'shelf_11', 9: 'shelf_12', 10: 'shelf_14', 11: 'shelf_18'}{0: 'shelf', 1: 'shelf_1', 2: 'shelf_2', 3: 'chair', 4: 'chair_4', 5: 'shelf_5', 6: 'shelf_6', 7: 'table', 8: 'shelf_8', 9: 'shelf_9', 10: 'chair_10', 11: 'shelf_11', 12: 'shelf_12', 13: 'box', 14: 'shelf_14', 15: 'chair_15', 16: 'chair_16', 17: 'box_17', 18: 'shelf_18', 19: 'chair_19'}
2025-12-02 10:14:20 - INFO - Successfully landmark node: table_20, position: [ 2.32284375  0.23400167 -2.953     ], confidence: 0.7557867169380188 
2025-12-02 10:14:20 - INFO - after:{0: 'shelf', 1: 'shelf_1', 2: 'shelf_2', 3: 'shelf_5', 4: 'shelf_6', 5: 'table', 6: 'shelf_8', 7: 'shelf_9', 8: 'shelf_11', 9: 'shelf_12', 10: 'shelf_14', 11: 'shelf_18', 12: 'table_20'}{0: 'shelf', 1: 'shelf_1', 2: 'shelf_2', 3: 'chair', 4: 'chair_4', 5: 'shelf_5', 6: 'shelf_6', 7: 'table', 8: 'shelf_8', 9: 'shelf_9', 10: 'chair_10', 11: 'shelf_11', 12: 'shelf_12', 13: 'box', 14: 'shelf_14', 15: 'chair_15', 16: 'chair_16', 17: 'box_17', 18: 'shelf_18', 19: 'chair_19', 20: 'table_20'}
2025-12-02 10:14:20 - INFO - Added landmark node: table (0.7557867169380188)
2025-12-02 10:14:20 - INFO - Added edge from table_20 to nearest landmark shelf_12 with relation behind and distance 0.6212609240828787
2025-12-02 10:14:20 - INFO - Ignoring low confidence detection: table (0.6507091522216797)
2025-12-02 10:14:20 - INFO - Ignoring low confidence detection: chair (0.6059245467185974)
2025-12-02 10:14:20 - INFO - Ignoring low confidence detection: chair (0.5624330639839172)
2025-12-02 10:14:20 - INFO - Ignoring low confidence detection: box (0.5376169085502625)
2025-12-02 10:14:20 - INFO - 知识图谱已保存至 /home/gwk/langChain_Test/graphs_minicar/visual_6_current_globalgraph.html
2025-12-02 10:14:20 - INFO - 当前步骤全局知识图已保存为 graphs_minicar/visual_6_current_globalgraph.html
2025-12-02 10:14:20 - INFO - --------------------------------
2025-12-02 10:14:20 - INFO - Processing visual recognition results for step8 from folder: visual_recognition_minicar/step8
2025-12-02 10:14:20 - WARNING - table
2025-12-02 10:14:20 - INFO - before:{0: 'shelf', 1: 'shelf_1', 2: 'shelf_2', 3: 'shelf_5', 4: 'shelf_6', 5: 'table', 6: 'shelf_8', 7: 'shelf_9', 8: 'shelf_11', 9: 'shelf_12', 10: 'shelf_14', 11: 'shelf_18', 12: 'table_20'}{0: 'shelf', 1: 'shelf_1', 2: 'shelf_2', 3: 'chair', 4: 'chair_4', 5: 'shelf_5', 6: 'shelf_6', 7: 'table', 8: 'shelf_8', 9: 'shelf_9', 10: 'chair_10', 11: 'shelf_11', 12: 'shelf_12', 13: 'box', 14: 'shelf_14', 15: 'chair_15', 16: 'chair_16', 17: 'box_17', 18: 'shelf_18', 19: 'chair_19', 20: 'table_20'}
2025-12-02 10:14:20 - INFO - Successfully landmark node: table_21, position: [-1.23075   -0.0526351 -1.441    ], confidence: 0.8795858025550842 
2025-12-02 10:14:20 - INFO - after:{0: 'shelf', 1: 'shelf_1', 2: 'shelf_2', 3: 'shelf_5', 4: 'shelf_6', 5: 'table', 6: 'shelf_8', 7: 'shelf_9', 8: 'shelf_11', 9: 'shelf_12', 10: 'shelf_14', 11: 'shelf_18', 12: 'table_20', 13: 'table_21'}{0: 'shelf', 1: 'shelf_1', 2: 'shelf_2', 3: 'chair', 4: 'chair_4', 5: 'shelf_5', 6: 'shelf_6', 7: 'table', 8: 'shelf_8', 9: 'shelf_9', 10: 'chair_10', 11: 'shelf_11', 12: 'shelf_12', 13: 'box', 14: 'shelf_14', 15: 'chair_15', 16: 'chair_16', 17: 'box_17', 18: 'shelf_18', 19: 'chair_19', 20: 'table_20', 21: 'table_21'}
2025-12-02 10:14:20 - INFO - Added landmark node: table (0.8795858025550842)
2025-12-02 10:14:20 - INFO - Added edge from table_21 to nearest landmark table with relation right_of and distance 1.2371626974051118
2025-12-02 10:14:20 - INFO - Ignoring detection in baned list: guard.
2025-12-02 10:14:20 - INFO - Ignoring low confidence detection: table (0.6034988164901733)
2025-12-02 10:14:20 - INFO - Ignoring low confidence detection: guard (0.5953662991523743)
2025-12-02 10:14:20 - INFO - Ignoring low confidence detection: chair (0.4513506293296814)
2025-12-02 10:14:20 - INFO - Ignoring low confidence detection: box (0.42540013790130615)
2025-12-02 10:14:20 - INFO - Ignoring low confidence detection: chair (0.4126051664352417)
2025-12-02 10:14:20 - INFO - 知识图谱已保存至 /home/gwk/langChain_Test/graphs_minicar/visual_7_current_globalgraph.html
2025-12-02 10:14:20 - INFO - 当前步骤全局知识图已保存为 graphs_minicar/visual_7_current_globalgraph.html
2025-12-02 10:14:20 - INFO - --------------------------------
2025-12-02 10:14:20 - INFO - Processing visual recognition results for step9 from folder: visual_recognition_minicar/step9
2025-12-02 10:14:20 - INFO - Label shelf Position [ 0.94620312  0.28767279 -1.635     ] is occupied at index 1 by node shelf_1
2025-12-02 10:14:20 - INFO - Same class detected for occupied node shelf_1. Updating confidence and position.
2025-12-02 10:14:20 - INFO - Updated occupied node shelf_1 with new confidence 0.9129953980445862 and position [1.1117640624999998, 0.2752012226876, -1.7285000029802324]
2025-12-02 10:14:20 - INFO - Ignoring low confidence detection: table (0.6146330237388611)
2025-12-02 10:14:20 - INFO - Ignoring low confidence detection: table (0.47248348593711853)
2025-12-02 10:14:20 - INFO - Ignoring low confidence detection: shelf (0.4567295014858246)
2025-12-02 10:14:20 - INFO - Ignoring low confidence detection: shelf (0.41030359268188477)
2025-12-02 10:14:20 - INFO - Ignoring low confidence detection: chair (0.37887662649154663)
2025-12-02 10:14:20 - INFO - Ignoring low confidence detection: shelf (0.35136908292770386)
2025-12-02 10:14:20 - INFO - Ignoring low confidence detection: shelf (0.3423028588294983)
2025-12-02 10:14:20 - INFO - Ignoring low confidence detection: shelf (0.31810373067855835)
2025-12-02 10:14:20 - INFO - 知识图谱已保存至 /home/gwk/langChain_Test/graphs_minicar/visual_8_current_globalgraph.html
2025-12-02 10:14:20 - INFO - 当前步骤全局知识图已保存为 graphs_minicar/visual_8_current_globalgraph.html
2025-12-02 10:14:20 - INFO - --------------------------------
2025-12-02 10:14:20 - INFO - Processing visual recognition results for step10 from folder: visual_recognition_minicar/step10
2025-12-02 10:14:20 - INFO - Ignoring detection in baned list: guard.
2025-12-02 10:14:20 - INFO - Label shelf Position [-1.07278906  0.28872325 -1.565     ] is occupied at index 21 by node table_21
2025-12-02 10:14:20 - INFO - Node table_21 relabeled to shelf_22.
2025-12-02 10:14:20 - INFO - Replaced occupied node table_21 with new class shelf_22, confidence 0.8985791802406311 and position [-1.0727890624999996, 0.28872324711724534, -1.5649999970197677]
2025-12-02 10:14:20 - INFO - Ignoring detection in baned list: guard.
2025-12-02 10:14:20 - WARNING - shelf
2025-12-02 10:14:20 - INFO - label: shelf_22_22
2025-12-02 10:14:20 - INFO - before:{0: 'shelf', 1: 'shelf_1', 2: 'shelf_2', 3: 'shelf_5', 4: 'shelf_6', 5: 'table', 6: 'shelf_8', 7: 'shelf_9', 8: 'shelf_11', 9: 'shelf_12', 10: 'shelf_14', 11: 'shelf_18', 12: 'table_20', 13: 'shelf_22'}{0: 'shelf', 1: 'shelf_1', 2: 'shelf_2', 3: 'chair', 4: 'chair_4', 5: 'shelf_5', 6: 'shelf_6', 7: 'table', 8: 'shelf_8', 9: 'shelf_9', 10: 'chair_10', 11: 'shelf_11', 12: 'shelf_12', 13: 'box', 14: 'shelf_14', 15: 'chair_15', 16: 'chair_16', 17: 'box_17', 18: 'shelf_18', 19: 'chair_19', 20: 'table_20', 21: 'shelf_22'}
2025-12-02 10:14:20 - INFO - Successfully landmark node: shelf_22_22, position: [-0.80339062  0.62303151 -5.513     ], confidence: 0.8839766979217529 
2025-12-02 10:14:20 - INFO - after:{0: 'shelf', 1: 'shelf_1', 2: 'shelf_2', 3: 'shelf_5', 4: 'shelf_6', 5: 'table', 6: 'shelf_8', 7: 'shelf_9', 8: 'shelf_11', 9: 'shelf_12', 10: 'shelf_14', 11: 'shelf_18', 12: 'table_20', 13: 'shelf_22', 14: 'shelf_22_22'}{0: 'shelf', 1: 'shelf_1', 2: 'shelf_2', 3: 'chair', 4: 'chair_4', 5: 'shelf_5', 6: 'shelf_6', 7: 'table', 8: 'shelf_8', 9: 'shelf_9', 10: 'chair_10', 11: 'shelf_11', 12: 'shelf_12', 13: 'box', 14: 'shelf_14', 15: 'chair_15', 16: 'chair_16', 17: 'box_17', 18: 'shelf_18', 19: 'chair_19', 20: 'table_20', 21: 'shelf_22', 22: 'shelf_22_22'}
2025-12-02 10:14:20 - INFO - Added landmark node: shelf (0.8839766979217529)
2025-12-02 10:14:20 - INFO - Added edge from shelf_22_22 to nearest landmark shelf_11 with relation right_of and distance 2.2847363958806945
2025-12-02 10:14:20 - INFO - Ignoring low confidence detection: shelf (0.37742993235588074)
2025-12-02 10:14:20 - INFO - Ignoring low confidence detection: shelf (0.3646954596042633)
2025-12-02 10:14:20 - INFO - Ignoring low confidence detection: chair (0.36452218890190125)
2025-12-02 10:14:20 - INFO - Ignoring low confidence detection: table (0.3607853353023529)
2025-12-02 10:14:20 - INFO - 知识图谱已保存至 /home/gwk/langChain_Test/graphs_minicar/visual_9_current_globalgraph.html
2025-12-02 10:14:20 - INFO - 当前步骤全局知识图已保存为 graphs_minicar/visual_9_current_globalgraph.html
2025-12-02 10:14:20 - INFO - --------------------------------
2025-12-02 10:14:20 - INFO - Processing visual recognition results for step11 from folder: visual_recognition_minicar/step11
2025-12-02 10:14:20 - WARNING - shelf
2025-12-02 10:14:20 - INFO - before:{0: 'shelf', 1: 'shelf_1', 2: 'shelf_2', 3: 'shelf_5', 4: 'shelf_6', 5: 'table', 6: 'shelf_8', 7: 'shelf_9', 8: 'shelf_11', 9: 'shelf_12', 10: 'shelf_14', 11: 'shelf_18', 12: 'table_20', 13: 'shelf_22', 14: 'shelf_22_22'}{0: 'shelf', 1: 'shelf_1', 2: 'shelf_2', 3: 'chair', 4: 'chair_4', 5: 'shelf_5', 6: 'shelf_6', 7: 'table', 8: 'shelf_8', 9: 'shelf_9', 10: 'chair_10', 11: 'shelf_11', 12: 'shelf_12', 13: 'box', 14: 'shelf_14', 15: 'chair_15', 16: 'chair_16', 17: 'box_17', 18: 'shelf_18', 19: 'chair_19', 20: 'table_20', 21: 'shelf_22', 22: 'shelf_22_22'}
2025-12-02 10:14:21 - INFO - Successfully landmark node: shelf_23, position: [-1.10610781  0.57113734 -4.543     ], confidence: 0.9302360415458679 
2025-12-02 10:14:21 - INFO - after:{0: 'shelf', 1: 'shelf_1', 2: 'shelf_2', 3: 'shelf_5', 4: 'shelf_6', 5: 'table', 6: 'shelf_8', 7: 'shelf_9', 8: 'shelf_11', 9: 'shelf_12', 10: 'shelf_14', 11: 'shelf_18', 12: 'table_20', 13: 'shelf_22', 14: 'shelf_22_22', 15: 'shelf_23'}{0: 'shelf', 1: 'shelf_1', 2: 'shelf_2', 3: 'chair', 4: 'chair_4', 5: 'shelf_5', 6: 'shelf_6', 7: 'table', 8: 'shelf_8', 9: 'shelf_9', 10: 'chair_10', 11: 'shelf_11', 12: 'shelf_12', 13: 'box', 14: 'shelf_14', 15: 'chair_15', 16: 'chair_16', 17: 'box_17', 18: 'shelf_18', 19: 'chair_19', 20: 'table_20', 21: 'shelf_22', 22: 'shelf_22_22', 23: 'shelf_23'}
2025-12-02 10:14:21 - INFO - Added landmark node: shelf (0.9302360415458679)
2025-12-02 10:14:21 - INFO - Added edge from shelf_23 to nearest landmark shelf_22_22 with relation above and distance 1.0174628684043692
2025-12-02 10:14:21 - INFO - Ignoring detection in baned list: guard.
2025-12-02 10:14:21 - WARNING - table
2025-12-02 10:14:21 - INFO - before:{0: 'shelf', 1: 'shelf_1', 2: 'shelf_2', 3: 'shelf_5', 4: 'shelf_6', 5: 'table', 6: 'shelf_8', 7: 'shelf_9', 8: 'shelf_11', 9: 'shelf_12', 10: 'shelf_14', 11: 'shelf_18', 12: 'table_20', 13: 'shelf_22', 14: 'shelf_22_22', 15: 'shelf_23'}{0: 'shelf', 1: 'shelf_1', 2: 'shelf_2', 3: 'chair', 4: 'chair_4', 5: 'shelf_5', 6: 'shelf_6', 7: 'table', 8: 'shelf_8', 9: 'shelf_9', 10: 'chair_10', 11: 'shelf_11', 12: 'shelf_12', 13: 'box', 14: 'shelf_14', 15: 'chair_15', 16: 'chair_16', 17: 'box_17', 18: 'shelf_18', 19: 'chair_19', 20: 'table_20', 21: 'shelf_22', 22: 'shelf_22_22', 23: 'shelf_23'}
2025-12-02 10:14:21 - INFO - Successfully landmark node: table_24, position: [ 1.5943375   0.07074786 -2.118     ], confidence: 0.8782809376716614 
2025-12-02 10:14:21 - INFO - after:{0: 'shelf', 1: 'shelf_1', 2: 'shelf_2', 3: 'shelf_5', 4: 'shelf_6', 5: 'table', 6: 'shelf_8', 7: 'shelf_9', 8: 'shelf_11', 9: 'shelf_12', 10: 'shelf_14', 11: 'shelf_18', 12: 'table_20', 13: 'shelf_22', 14: 'shelf_22_22', 15: 'shelf_23', 16: 'table_24'}{0: 'shelf', 1: 'shelf_1', 2: 'shelf_2', 3: 'chair', 4: 'chair_4', 5: 'shelf_5', 6: 'shelf_6', 7: 'table', 8: 'shelf_8', 9: 'shelf_9', 10: 'chair_10', 11: 'shelf_11', 12: 'shelf_12', 13: 'box', 14: 'shelf_14', 15: 'chair_15', 16: 'chair_16', 17: 'box_17', 18: 'shelf_18', 19: 'chair_19', 20: 'table_20', 21: 'shelf_22', 22: 'shelf_22_22', 23: 'shelf_23', 24: 'table_24'}
2025-12-02 10:14:21 - INFO - Added landmark node: table (0.8782809376716614)
2025-12-02 10:14:21 - INFO - Added edge from table_24 to nearest landmark shelf_1 with relation left_of and distance 0.47430995623127936
2025-12-02 10:14:21 - WARNING - shelf
2025-12-02 10:14:21 - INFO - before:{0: 'shelf', 1: 'shelf_1', 2: 'shelf_2', 3: 'shelf_5', 4: 'shelf_6', 5: 'table', 6: 'shelf_8', 7: 'shelf_9', 8: 'shelf_11', 9: 'shelf_12', 10: 'shelf_14', 11: 'shelf_18', 12: 'table_20', 13: 'shelf_22', 14: 'shelf_22_22', 15: 'shelf_23', 16: 'table_24'}{0: 'shelf', 1: 'shelf_1', 2: 'shelf_2', 3: 'chair', 4: 'chair_4', 5: 'shelf_5', 6: 'shelf_6', 7: 'table', 8: 'shelf_8', 9: 'shelf_9', 10: 'chair_10', 11: 'shelf_11', 12: 'shelf_12', 13: 'box', 14: 'shelf_14', 15: 'chair_15', 16: 'chair_16', 17: 'box_17', 18: 'shelf_18', 19: 'chair_19', 20: 'table_20', 21: 'shelf_22', 22: 'shelf_22_22', 23: 'shelf_23', 24: 'table_24'}
2025-12-02 10:14:21 - INFO - Successfully landmark node: shelf_25, position: [-0.116025   0.2101555 -4.568    ], confidence: 0.7858945727348328 
2025-12-02 10:14:21 - INFO - after:{0: 'shelf', 1: 'shelf_1', 2: 'shelf_2', 3: 'shelf_5', 4: 'shelf_6', 5: 'table', 6: 'shelf_8', 7: 'shelf_9', 8: 'shelf_11', 9: 'shelf_12', 10: 'shelf_14', 11: 'shelf_18', 12: 'table_20', 13: 'shelf_22', 14: 'shelf_22_22', 15: 'shelf_23', 16: 'table_24', 17: 'shelf_25'}{0: 'shelf', 1: 'shelf_1', 2: 'shelf_2', 3: 'chair', 4: 'chair_4', 5: 'shelf_5', 6: 'shelf_6', 7: 'table', 8: 'shelf_8', 9: 'shelf_9', 10: 'chair_10', 11: 'shelf_11', 12: 'shelf_12', 13: 'box', 14: 'shelf_14', 15: 'chair_15', 16: 'chair_16', 17: 'box_17', 18: 'shelf_18', 19: 'chair_19', 20: 'table_20', 21: 'shelf_22', 22: 'shelf_22_22', 23: 'shelf_23', 24: 'table_24', 25: 'shelf_25'}
2025-12-02 10:14:21 - INFO - Added landmark node: shelf (0.7858945727348328)
2025-12-02 10:14:21 - INFO - Added edge from shelf_25 to nearest landmark shelf_23 with relation left_of and distance 1.054133229246149
2025-12-02 10:14:21 - WARNING - table
2025-12-02 10:14:21 - INFO - before:{0: 'shelf', 1: 'shelf_1', 2: 'shelf_2', 3: 'shelf_5', 4: 'shelf_6', 5: 'table', 6: 'shelf_8', 7: 'shelf_9', 8: 'shelf_11', 9: 'shelf_12', 10: 'shelf_14', 11: 'shelf_18', 12: 'table_20', 13: 'shelf_22', 14: 'shelf_22_22', 15: 'shelf_23', 16: 'table_24', 17: 'shelf_25'}{0: 'shelf', 1: 'shelf_1', 2: 'shelf_2', 3: 'chair', 4: 'chair_4', 5: 'shelf_5', 6: 'shelf_6', 7: 'table', 8: 'shelf_8', 9: 'shelf_9', 10: 'chair_10', 11: 'shelf_11', 12: 'shelf_12', 13: 'box', 14: 'shelf_14', 15: 'chair_15', 16: 'chair_16', 17: 'box_17', 18: 'shelf_18', 19: 'chair_19', 20: 'table_20', 21: 'shelf_22', 22: 'shelf_22_22', 23: 'shelf_23', 24: 'table_24', 25: 'shelf_25'}
2025-12-02 10:14:21 - INFO - Successfully landmark node: table_26, position: [ 1.19148437  0.04237911 -3.975     ], confidence: 0.7812901735305786 
2025-12-02 10:14:21 - INFO - after:{0: 'shelf', 1: 'shelf_1', 2: 'shelf_2', 3: 'shelf_5', 4: 'shelf_6', 5: 'table', 6: 'shelf_8', 7: 'shelf_9', 8: 'shelf_11', 9: 'shelf_12', 10: 'shelf_14', 11: 'shelf_18', 12: 'table_20', 13: 'shelf_22', 14: 'shelf_22_22', 15: 'shelf_23', 16: 'table_24', 17: 'shelf_25', 18: 'table_26'}{0: 'shelf', 1: 'shelf_1', 2: 'shelf_2', 3: 'chair', 4: 'chair_4', 5: 'shelf_5', 6: 'shelf_6', 7: 'table', 8: 'shelf_8', 9: 'shelf_9', 10: 'chair_10', 11: 'shelf_11', 12: 'shelf_12', 13: 'box', 14: 'shelf_14', 15: 'chair_15', 16: 'chair_16', 17: 'box_17', 18: 'shelf_18', 19: 'chair_19', 20: 'table_20', 21: 'shelf_22', 22: 'shelf_22_22', 23: 'shelf_23', 24: 'table_24', 25: 'shelf_25', 26: 'table_26'}
2025-12-02 10:14:21 - INFO - Added landmark node: table (0.7812901735305786)
2025-12-02 10:14:21 - INFO - Added edge from table_26 to nearest landmark shelf with relation behind and distance 0.6389741091386745
2025-12-02 10:14:21 - INFO - Ignoring low confidence detection: shelf (0.6193113327026367)
2025-12-02 10:14:21 - INFO - Ignoring low confidence detection: shelf (0.4986253082752228)
2025-12-02 10:14:21 - INFO - Ignoring low confidence detection: person (0.40315788984298706)
2025-12-02 10:14:21 - INFO - Ignoring low confidence detection: chair (0.4004793167114258)
2025-12-02 10:14:21 - INFO - 知识图谱已保存至 /home/gwk/langChain_Test/graphs_minicar/visual_10_current_globalgraph.html
2025-12-02 10:14:21 - INFO - 当前步骤全局知识图已保存为 graphs_minicar/visual_10_current_globalgraph.html
2025-12-02 10:14:21 - INFO - --------------------------------
2025-12-02 10:14:21 - INFO - Processing visual recognition results for step12 from folder: visual_recognition_minicar/step12
2025-12-02 10:14:21 - INFO - Ignoring detection in baned list: guard.
2025-12-02 10:14:21 - INFO - Ignoring detection in baned list: guard.
2025-12-02 10:14:21 - WARNING - shelf
2025-12-02 10:14:21 - INFO - before:{0: 'shelf', 1: 'shelf_1', 2: 'shelf_2', 3: 'shelf_5', 4: 'shelf_6', 5: 'table', 6: 'shelf_8', 7: 'shelf_9', 8: 'shelf_11', 9: 'shelf_12', 10: 'shelf_14', 11: 'shelf_18', 12: 'table_20', 13: 'shelf_22', 14: 'shelf_22_22', 15: 'shelf_23', 16: 'table_24', 17: 'shelf_25', 18: 'table_26'}{0: 'shelf', 1: 'shelf_1', 2: 'shelf_2', 3: 'chair', 4: 'chair_4', 5: 'shelf_5', 6: 'shelf_6', 7: 'table', 8: 'shelf_8', 9: 'shelf_9', 10: 'chair_10', 11: 'shelf_11', 12: 'shelf_12', 13: 'box', 14: 'shelf_14', 15: 'chair_15', 16: 'chair_16', 17: 'box_17', 18: 'shelf_18', 19: 'chair_19', 20: 'table_20', 21: 'shelf_22', 22: 'shelf_22_22', 23: 'shelf_23', 24: 'table_24', 25: 'shelf_25', 26: 'table_26'}
2025-12-02 10:14:21 - INFO - Successfully landmark node: shelf_27, position: [-2.41247812  0.10650188 -2.567     ], confidence: 0.8635672926902771 
2025-12-02 10:14:21 - INFO - after:{0: 'shelf', 1: 'shelf_1', 2: 'shelf_2', 3: 'shelf_5', 4: 'shelf_6', 5: 'table', 6: 'shelf_8', 7: 'shelf_9', 8: 'shelf_11', 9: 'shelf_12', 10: 'shelf_14', 11: 'shelf_18', 12: 'table_20', 13: 'shelf_22', 14: 'shelf_22_22', 15: 'shelf_23', 16: 'table_24', 17: 'shelf_25', 18: 'table_26', 19: 'shelf_27'}{0: 'shelf', 1: 'shelf_1', 2: 'shelf_2', 3: 'chair', 4: 'chair_4', 5: 'shelf_5', 6: 'shelf_6', 7: 'table', 8: 'shelf_8', 9: 'shelf_9', 10: 'chair_10', 11: 'shelf_11', 12: 'shelf_12', 13: 'box', 14: 'shelf_14', 15: 'chair_15', 16: 'chair_16', 17: 'box_17', 18: 'shelf_18', 19: 'chair_19', 20: 'table_20', 21: 'shelf_22', 22: 'shelf_22_22', 23: 'shelf_23', 24: 'table_24', 25: 'shelf_25', 26: 'table_26', 27: 'shelf_27'}
2025-12-02 10:14:21 - INFO - Added landmark node: shelf (0.8635672926902771)
2025-12-02 10:14:21 - INFO - Added edge from shelf_27 to nearest landmark shelf_22 with relation right_of and distance 1.682847411663157
2025-12-02 10:14:21 - INFO - Ignoring low confidence detection: guard (0.5998379588127136)
2025-12-02 10:14:21 - INFO - Ignoring low confidence detection: table (0.5806009769439697)
2025-12-02 10:14:21 - INFO - Ignoring low confidence detection: shelf (0.4420967996120453)
2025-12-02 10:14:21 - INFO - Ignoring low confidence detection: guard (0.35262247920036316)
2025-12-02 10:14:21 - INFO - Ignoring low confidence detection: shelf (0.3128061294555664)
2025-12-02 10:14:21 - INFO - 知识图谱已保存至 /home/gwk/langChain_Test/graphs_minicar/visual_11_current_globalgraph.html
2025-12-02 10:14:21 - INFO - 当前步骤全局知识图已保存为 graphs_minicar/visual_11_current_globalgraph.html
2025-12-02 10:14:21 - INFO - --------------------------------
2025-12-02 10:14:21 - INFO - Processing visual recognition results for step13 from folder: visual_recognition_minicar/step13
2025-12-02 10:14:21 - INFO - Ignoring detection in baned list: guard.
2025-12-02 10:14:21 - INFO - Ignoring detection in baned list: guard.
2025-12-02 10:14:21 - INFO - Ignoring detection in baned list: guard.
2025-12-02 10:14:21 - WARNING - chair
2025-12-02 10:14:21 - INFO - Successfully object node: chair_28, position: [ 3.50888125  0.33683256 -8.278     ], confidence: 0.857494592666626 
2025-12-02 10:14:21 - INFO - Added object node: chair (0.857494592666626)
2025-12-02 10:14:21 - INFO - Added edge from chair_28 to nearest landmark shelf_2 with relation left_of and distance 1.6587128233656045
2025-12-02 10:14:21 - INFO - Ignoring detection in baned list: guard.
2025-12-02 10:14:21 - INFO - Ignoring low confidence detection: table (0.6552558541297913)
2025-12-02 10:14:21 - INFO - Ignoring low confidence detection: guard (0.6003103852272034)
2025-12-02 10:14:21 - INFO - 知识图谱已保存至 /home/gwk/langChain_Test/graphs_minicar/visual_12_current_globalgraph.html
2025-12-02 10:14:21 - INFO - 当前步骤全局知识图已保存为 graphs_minicar/visual_12_current_globalgraph.html
2025-12-02 10:14:21 - INFO - --------------------------------
2025-12-02 10:14:21 - INFO - Processing visual recognition results for step14 from folder: visual_recognition_minicar/step14
2025-12-02 10:14:21 - INFO - Ignoring detection in baned list: guard.
2025-12-02 10:14:21 - INFO - Ignoring detection in baned list: guard.
2025-12-02 10:14:21 - INFO - Ignoring low confidence detection: table (0.6500181555747986)
2025-12-02 10:14:21 - INFO - Ignoring low confidence detection: guard (0.5281709432601929)
2025-12-02 10:14:21 - INFO - Ignoring low confidence detection: guard (0.45836713910102844)
2025-12-02 10:14:21 - INFO - Ignoring low confidence detection: person (0.40644726157188416)
2025-12-02 10:14:21 - INFO - 知识图谱已保存至 /home/gwk/langChain_Test/graphs_minicar/visual_13_current_globalgraph.html
2025-12-02 10:14:21 - INFO - 当前步骤全局知识图已保存为 graphs_minicar/visual_13_current_globalgraph.html
2025-12-02 10:14:21 - INFO - --------------------------------
2025-12-02 10:14:21 - INFO - Processing visual recognition results for step15 from folder: visual_recognition_minicar/step15
2025-12-02 10:14:21 - INFO - Ignoring detection in baned list: guard.
2025-12-02 10:14:21 - INFO - Ignoring detection in baned list: guard.
2025-12-02 10:14:21 - INFO - Label chair Position [-0.11498437  0.20063403 -7.559     ] is occupied at index 10 by node chair_10
2025-12-02 10:14:21 - INFO - Same class detected for occupied node chair_10. Updating confidence and position.
2025-12-02 10:14:21 - INFO - Updated occupied node chair_10 with new confidence 0.8426092267036438 and position [0.047006249999999986, 0.20161552525326054, -7.595000002980232]
2025-12-02 10:14:21 - INFO - Ignoring low confidence detection: guard (0.5005477666854858)
2025-12-02 10:14:21 - INFO - Ignoring low confidence detection: guard (0.48232778906822205)
2025-12-02 10:14:21 - INFO - Ignoring low confidence detection: shelf (0.4297822117805481)
2025-12-02 10:14:21 - INFO - Ignoring low confidence detection: table (0.33146700263023376)
2025-12-02 10:14:21 - INFO - Ignoring low confidence detection: table (0.3242950439453125)
2025-12-02 10:14:21 - INFO - 知识图谱已保存至 /home/gwk/langChain_Test/graphs_minicar/visual_14_current_globalgraph.html
2025-12-02 10:14:21 - INFO - 当前步骤全局知识图已保存为 graphs_minicar/visual_14_current_globalgraph.html
2025-12-02 10:14:21 - INFO - --------------------------------
2025-12-02 10:14:21 - INFO - Processing visual recognition results for step16 from folder: visual_recognition_minicar/step16
2025-12-02 10:14:21 - WARNING - chair
2025-12-02 10:14:22 - INFO - Successfully object node: chair_29, position: [ 0.447975    0.19158406 -5.773     ], confidence: 0.8726110458374023 
2025-12-02 10:14:22 - INFO - Added object node: chair (0.8726110458374023)
2025-12-02 10:14:22 - INFO - Added edge from chair_29 to nearest landmark shelf_11 with relation right_of and distance 1.1465625658739556
2025-12-02 10:14:22 - INFO - Label table Position [-0.35499062 -0.001623   -0.306     ] is occupied at index 7 by node table
2025-12-02 10:14:22 - INFO - Same class detected for occupied node table. Updating confidence and position.
2025-12-02 10:14:22 - INFO - Updated occupied node table with new confidence 0.8129651546478271 and position [-0.37277109374999995, -0.03372687822516064, -0.41949999701976776]
2025-12-02 10:14:22 - INFO - Ignoring detection in baned list: guard.
2025-12-02 10:14:22 - INFO - Ignoring detection in baned list: guard.
2025-12-02 10:14:22 - INFO - Ignoring low confidence detection: guard (0.667107105255127)
2025-12-02 10:14:22 - INFO - Ignoring low confidence detection: chair (0.5745853781700134)
2025-12-02 10:14:22 - INFO - Ignoring low confidence detection: guard (0.5323194265365601)
2025-12-02 10:14:22 - INFO - Ignoring low confidence detection: table (0.40766507387161255)
2025-12-02 10:14:22 - INFO - 知识图谱已保存至 /home/gwk/langChain_Test/graphs_minicar/visual_15_current_globalgraph.html
2025-12-02 10:14:22 - INFO - 当前步骤全局知识图已保存为 graphs_minicar/visual_15_current_globalgraph.html
2025-12-02 10:14:22 - INFO - --------------------------------
2025-12-02 10:14:22 - INFO - Processing visual recognition results for step17 from folder: visual_recognition_minicar/step17
2025-12-02 10:14:22 - WARNING - chair
2025-12-02 10:14:22 - INFO - Successfully object node: chair_30, position: [ 0.47217812  0.16684461 -5.154     ], confidence: 0.8912320733070374 
2025-12-02 10:14:22 - INFO - Added object node: chair (0.8912320733070374)
2025-12-02 10:14:22 - INFO - Added edge from chair_30 to nearest landmark shelf_25 with relation left_of and distance 0.831417313799569
2025-12-02 10:14:22 - INFO - Ignoring detection in baned list: guard.
2025-12-02 10:14:22 - INFO - Ignoring low confidence detection: guard (0.6766737699508667)
2025-12-02 10:14:22 - INFO - Ignoring low confidence detection: table (0.6492971777915955)
2025-12-02 10:14:22 - INFO - Ignoring low confidence detection: guard (0.4582049250602722)
2025-12-02 10:14:22 - INFO - 知识图谱已保存至 /home/gwk/langChain_Test/graphs_minicar/visual_16_current_globalgraph.html
2025-12-02 10:14:22 - INFO - 当前步骤全局知识图已保存为 graphs_minicar/visual_16_current_globalgraph.html
2025-12-02 10:14:22 - INFO - --------------------------------
2025-12-02 10:14:22 - INFO - Processing visual recognition results for step18 from folder: visual_recognition_minicar/step18
2025-12-02 10:14:22 - INFO - Ignoring detection in baned list: guard.
2025-12-02 10:14:22 - WARNING - chair
2025-12-02 10:14:22 - INFO - Successfully object node: chair_31, position: [ 0.32515     0.12515029 -3.516     ], confidence: 0.8962059617042542 
2025-12-02 10:14:22 - INFO - Added object node: chair (0.8962059617042542)
2025-12-02 10:14:22 - INFO - Added edge from chair_31 to nearest landmark table_26 with relation right_of and distance 0.9839041228650254
2025-12-02 10:14:22 - INFO - Ignoring detection in baned list: guard.
2025-12-02 10:14:22 - INFO - Ignoring detection in baned list: guard.
2025-12-02 10:14:22 - WARNING - table
2025-12-02 10:14:22 - INFO - before:{0: 'shelf', 1: 'shelf_1', 2: 'shelf_2', 3: 'shelf_5', 4: 'shelf_6', 5: 'table', 6: 'shelf_8', 7: 'shelf_9', 8: 'shelf_11', 9: 'shelf_12', 10: 'shelf_14', 11: 'shelf_18', 12: 'table_20', 13: 'shelf_22', 14: 'shelf_22_22', 15: 'shelf_23', 16: 'table_24', 17: 'shelf_25', 18: 'table_26', 19: 'shelf_27'}{0: 'shelf', 1: 'shelf_1', 2: 'shelf_2', 3: 'chair', 4: 'chair_4', 5: 'shelf_5', 6: 'shelf_6', 7: 'table', 8: 'shelf_8', 9: 'shelf_9', 10: 'chair_10', 11: 'shelf_11', 12: 'shelf_12', 13: 'box', 14: 'shelf_14', 15: 'chair_15', 16: 'chair_16', 17: 'box_17', 18: 'shelf_18', 19: 'chair_19', 20: 'table_20', 21: 'shelf_22', 22: 'shelf_22_22', 23: 'shelf_23', 24: 'table_24', 25: 'shelf_25', 26: 'table_26', 27: 'shelf_27', 28: 'chair_28', 29: 'chair_29', 30: 'chair_30', 31: 'chair_31'}
2025-12-02 10:14:22 - INFO - Successfully landmark node: table_32, position: [ 0.69366094  0.02471059 -0.763     ], confidence: 0.7308692932128906 
2025-12-02 10:14:22 - INFO - after:{0: 'shelf', 1: 'shelf_1', 2: 'shelf_2', 3: 'shelf_5', 4: 'shelf_6', 5: 'table', 6: 'shelf_8', 7: 'shelf_9', 8: 'shelf_11', 9: 'shelf_12', 10: 'shelf_14', 11: 'shelf_18', 12: 'table_20', 13: 'shelf_22', 14: 'shelf_22_22', 15: 'shelf_23', 16: 'table_24', 17: 'shelf_25', 18: 'table_26', 19: 'shelf_27', 20: 'table_32'}{0: 'shelf', 1: 'shelf_1', 2: 'shelf_2', 3: 'chair', 4: 'chair_4', 5: 'shelf_5', 6: 'shelf_6', 7: 'table', 8: 'shelf_8', 9: 'shelf_9', 10: 'chair_10', 11: 'shelf_11', 12: 'shelf_12', 13: 'box', 14: 'shelf_14', 15: 'chair_15', 16: 'chair_16', 17: 'box_17', 18: 'shelf_18', 19: 'chair_19', 20: 'table_20', 21: 'shelf_22', 22: 'shelf_22_22', 23: 'shelf_23', 24: 'table_24', 25: 'shelf_25', 26: 'table_26', 27: 'shelf_27', 28: 'chair_28', 29: 'chair_29', 30: 'chair_30', 31: 'chair_31', 32: 'table_32'}
2025-12-02 10:14:22 - INFO - Added landmark node: table (0.7308692932128906)
2025-12-02 10:14:22 - INFO - Added edge from table_32 to nearest landmark shelf_5 with relation above and distance 0.9074169230366217
2025-12-02 10:14:22 - INFO - 知识图谱已保存至 /home/gwk/langChain_Test/graphs_minicar/visual_17_current_globalgraph.html
2025-12-02 10:14:22 - INFO - 当前步骤全局知识图已保存为 graphs_minicar/visual_17_current_globalgraph.html
2025-12-02 10:14:22 - INFO - --------------------------------
2025-12-02 10:14:22 - INFO - Processing visual recognition results for step19 from folder: visual_recognition_minicar/step19
2025-12-02 10:14:22 - INFO - Ignoring detection in baned list: guard.
2025-12-02 10:14:22 - INFO - Ignoring detection in baned list: guard.
2025-12-02 10:14:22 - WARNING - chair
2025-12-02 10:14:22 - INFO - Successfully object node: chair_33, position: [ 0.16853906  0.07729277 -2.495     ], confidence: 0.8732159733772278 
2025-12-02 10:14:22 - INFO - Added object node: chair (0.8732159733772278)
2025-12-02 10:14:22 - INFO - Added edge from chair_33 to nearest landmark shelf_18 with relation right_of and distance 1.1622914620218945
2025-12-02 10:14:22 - INFO - Ignoring low confidence detection: chair (0.3954128623008728)
2025-12-02 10:14:22 - INFO - 知识图谱已保存至 /home/gwk/langChain_Test/graphs_minicar/visual_18_current_globalgraph.html
2025-12-02 10:14:22 - INFO - 当前步骤全局知识图已保存为 graphs_minicar/visual_18_current_globalgraph.html
2025-12-02 10:14:22 - INFO - --------------------------------
2025-12-02 10:14:22 - INFO - Processing visual recognition results for step20 from folder: visual_recognition_minicar/step20
2025-12-02 10:14:22 - INFO - Ignoring detection in baned list: guard.
2025-12-02 10:14:22 - INFO - Ignoring low confidence detection: table (0.6413801908493042)
2025-12-02 10:14:22 - INFO - Ignoring low confidence detection: chair (0.5453972816467285)
2025-12-02 10:14:22 - INFO - Ignoring low confidence detection: chair (0.5312278270721436)
2025-12-02 10:14:22 - INFO - Ignoring low confidence detection: chair (0.3422955870628357)
2025-12-02 10:14:22 - INFO - Ignoring low confidence detection: chair (0.3252551853656769)
2025-12-02 10:14:22 - INFO - Ignoring low confidence detection: chair (0.3216179609298706)
2025-12-02 10:14:22 - INFO - 知识图谱已保存至 /home/gwk/langChain_Test/graphs_minicar/visual_19_current_globalgraph.html
2025-12-02 10:14:22 - INFO - 当前步骤全局知识图已保存为 graphs_minicar/visual_19_current_globalgraph.html
2025-12-02 10:14:22 - INFO - --------------------------------
2025-12-02 10:14:22 - INFO - Processing visual recognition results for step21 from folder: visual_recognition_minicar/step21
2025-12-02 10:14:22 - WARNING - table
2025-12-02 10:14:22 - INFO - before:{0: 'shelf', 1: 'shelf_1', 2: 'shelf_2', 3: 'shelf_5', 4: 'shelf_6', 5: 'table', 6: 'shelf_8', 7: 'shelf_9', 8: 'shelf_11', 9: 'shelf_12', 10: 'shelf_14', 11: 'shelf_18', 12: 'table_20', 13: 'shelf_22', 14: 'shelf_22_22', 15: 'shelf_23', 16: 'table_24', 17: 'shelf_25', 18: 'table_26', 19: 'shelf_27', 20: 'table_32'}{0: 'shelf', 1: 'shelf_1', 2: 'shelf_2', 3: 'chair', 4: 'chair_4', 5: 'shelf_5', 6: 'shelf_6', 7: 'table', 8: 'shelf_8', 9: 'shelf_9', 10: 'chair_10', 11: 'shelf_11', 12: 'shelf_12', 13: 'box', 14: 'shelf_14', 15: 'chair_15', 16: 'chair_16', 17: 'box_17', 18: 'shelf_18', 19: 'chair_19', 20: 'table_20', 21: 'shelf_22', 22: 'shelf_22_22', 23: 'shelf_23', 24: 'table_24', 25: 'shelf_25', 26: 'table_26', 27: 'shelf_27', 28: 'chair_28', 29: 'chair_29', 30: 'chair_30', 31: 'chair_31', 32: 'table_32', 33: 'chair_33'}
2025-12-02 10:14:22 - INFO - Successfully landmark node: table_34, position: [-0.17745937  0.00263977 -1.846     ], confidence: 0.8779299259185791 
2025-12-02 10:14:22 - INFO - after:{0: 'shelf', 1: 'shelf_1', 2: 'shelf_2', 3: 'shelf_5', 4: 'shelf_6', 5: 'table', 6: 'shelf_8', 7: 'shelf_9', 8: 'shelf_11', 9: 'shelf_12', 10: 'shelf_14', 11: 'shelf_18', 12: 'table_20', 13: 'shelf_22', 14: 'shelf_22_22', 15: 'shelf_23', 16: 'table_24', 17: 'shelf_25', 18: 'table_26', 19: 'shelf_27', 20: 'table_32', 21: 'table_34'}{0: 'shelf', 1: 'shelf_1', 2: 'shelf_2', 3: 'chair', 4: 'chair_4', 5: 'shelf_5', 6: 'shelf_6', 7: 'table', 8: 'shelf_8', 9: 'shelf_9', 10: 'chair_10', 11: 'shelf_11', 12: 'shelf_12', 13: 'box', 14: 'shelf_14', 15: 'chair_15', 16: 'chair_16', 17: 'box_17', 18: 'shelf_18', 19: 'chair_19', 20: 'table_20', 21: 'shelf_22', 22: 'shelf_22_22', 23: 'shelf_23', 24: 'table_24', 25: 'shelf_25', 26: 'table_26', 27: 'shelf_27', 28: 'chair_28', 29: 'chair_29', 30: 'chair_30', 31: 'chair_31', 32: 'table_32', 33: 'chair_33', 34: 'table_34'}
2025-12-02 10:14:22 - INFO - Added landmark node: table (0.8779299259185791)
2025-12-02 10:14:22 - INFO - Added edge from table_34 to nearest landmark shelf_22 with relation left_of and distance 0.9810300741636232
2025-12-02 10:14:22 - WARNING - table
2025-12-02 10:14:22 - INFO - before:{0: 'shelf', 1: 'shelf_1', 2: 'shelf_2', 3: 'shelf_5', 4: 'shelf_6', 5: 'table', 6: 'shelf_8', 7: 'shelf_9', 8: 'shelf_11', 9: 'shelf_12', 10: 'shelf_14', 11: 'shelf_18', 12: 'table_20', 13: 'shelf_22', 14: 'shelf_22_22', 15: 'shelf_23', 16: 'table_24', 17: 'shelf_25', 18: 'table_26', 19: 'shelf_27', 20: 'table_32', 21: 'table_34'}{0: 'shelf', 1: 'shelf_1', 2: 'shelf_2', 3: 'chair', 4: 'chair_4', 5: 'shelf_5', 6: 'shelf_6', 7: 'table', 8: 'shelf_8', 9: 'shelf_9', 10: 'chair_10', 11: 'shelf_11', 12: 'shelf_12', 13: 'box', 14: 'shelf_14', 15: 'chair_15', 16: 'chair_16', 17: 'box_17', 18: 'shelf_18', 19: 'chair_19', 20: 'table_20', 21: 'shelf_22', 22: 'shelf_22_22', 23: 'shelf_23', 24: 'table_24', 25: 'shelf_25', 26: 'table_26', 27: 'shelf_27', 28: 'chair_28', 29: 'chair_29', 30: 'chair_30', 31: 'chair_31', 32: 'table_32', 33: 'chair_33', 34: 'table_34'}
2025-12-02 10:14:22 - INFO - Successfully landmark node: table_35, position: [ 3.23052187  0.24652856 -7.886     ], confidence: 0.7579734325408936 
2025-12-02 10:14:22 - INFO - after:{0: 'shelf', 1: 'shelf_1', 2: 'shelf_2', 3: 'shelf_5', 4: 'shelf_6', 5: 'table', 6: 'shelf_8', 7: 'shelf_9', 8: 'shelf_11', 9: 'shelf_12', 10: 'shelf_14', 11: 'shelf_18', 12: 'table_20', 13: 'shelf_22', 14: 'shelf_22_22', 15: 'shelf_23', 16: 'table_24', 17: 'shelf_25', 18: 'table_26', 19: 'shelf_27', 20: 'table_32', 21: 'table_34', 22: 'table_35'}{0: 'shelf', 1: 'shelf_1', 2: 'shelf_2', 3: 'chair', 4: 'chair_4', 5: 'shelf_5', 6: 'shelf_6', 7: 'table', 8: 'shelf_8', 9: 'shelf_9', 10: 'chair_10', 11: 'shelf_11', 12: 'shelf_12', 13: 'box', 14: 'shelf_14', 15: 'chair_15', 16: 'chair_16', 17: 'box_17', 18: 'shelf_18', 19: 'chair_19', 20: 'table_20', 21: 'shelf_22', 22: 'shelf_22_22', 23: 'shelf_23', 24: 'table_24', 25: 'shelf_25', 26: 'table_26', 27: 'shelf_27', 28: 'chair_28', 29: 'chair_29', 30: 'chair_30', 31: 'chair_31', 32: 'table_32', 33: 'chair_33', 34: 'table_34', 35: 'table_35'}
2025-12-02 10:14:22 - INFO - Added landmark node: table (0.7579734325408936)
2025-12-02 10:14:22 - INFO - Added edge from table_35 to nearest landmark shelf_6 with relation left_of and distance 1.4581655925521166
2025-12-02 10:14:22 - INFO - Label table Position [ 1.02494219  0.04293882 -1.417     ] is occupied at index 5 by node shelf_5
2025-12-02 10:14:22 - INFO - Label table Position [-0.34286875 -0.00152677 -0.676     ] is occupied at index 7 by node table
2025-12-02 10:14:22 - INFO - Same class detected for occupied node table. Updating confidence and position.
2025-12-02 10:14:22 - INFO - Updated occupied node table with new confidence 0.8129651546478271 and position [-0.35781992187499995, -0.017626824468508825, -0.54775]
2025-12-02 10:14:22 - INFO - Ignoring low confidence detection: table (0.6075374484062195)
2025-12-02 10:14:22 - INFO - Ignoring low confidence detection: table (0.4548453986644745)
2025-12-02 10:14:22 - INFO - Ignoring low confidence detection: guard (0.42749083042144775)
2025-12-02 10:14:22 - INFO - Ignoring low confidence detection: chair (0.39763182401657104)
2025-12-02 10:14:22 - INFO - 知识图谱已保存至 /home/gwk/langChain_Test/graphs_minicar/visual_20_current_globalgraph.html
2025-12-02 10:14:22 - INFO - 当前步骤全局知识图已保存为 graphs_minicar/visual_20_current_globalgraph.html
2025-12-02 10:14:22 - INFO - --------------------------------
2025-12-02 10:14:22 - INFO - Processing visual recognition results for step22 from folder: visual_recognition_minicar/step22
2025-12-02 10:14:22 - WARNING - No detections found in visual_recognition_minicar/step22/info.json. Skipping folder.
2025-12-02 10:14:22 - INFO - --------------------------------
2025-12-02 10:14:22 - INFO - Processing visual recognition results for step23 from folder: visual_recognition_minicar/step23
2025-12-02 10:14:22 - WARNING - No detections found in visual_recognition_minicar/step23/info.json. Skipping folder.
2025-12-02 10:14:22 - INFO - --------------------------------
2025-12-02 10:14:22 - INFO - Processing visual recognition results for step24 from folder: visual_recognition_minicar/step24
2025-12-02 10:14:22 - WARNING - No detections found in visual_recognition_minicar/step24/info.json. Skipping folder.
2025-12-02 10:14:22 - INFO - --------------------------------
2025-12-02 10:14:22 - INFO - Processing visual recognition results for step25 from folder: visual_recognition_minicar/step25
2025-12-02 10:14:22 - WARNING - No detections found in visual_recognition_minicar/step25/info.json. Skipping folder.
2025-12-02 10:14:22 - INFO - --------------------------------
2025-12-02 10:14:22 - INFO - Processing visual recognition results for step26 from folder: visual_recognition_minicar/step26
2025-12-02 10:14:22 - WARNING - No detections found in visual_recognition_minicar/step26/info.json. Skipping folder.
2025-12-02 10:14:22 - INFO - --------------------------------
2025-12-02 10:14:22 - INFO - Processing visual recognition results for step27 from folder: visual_recognition_minicar/step27
2025-12-02 10:14:22 - WARNING - No detections found in visual_recognition_minicar/step27/info.json. Skipping folder.
2025-12-02 10:14:22 - INFO - Added edge from shelf to nearest landmark table_26 with relation in_front_of and distance 0.8062529115977408
2025-12-02 10:14:22 - INFO - Added edge from shelf to nearest landmark shelf_12 with relation right_of and distance 0.8261335634855651
2025-12-02 10:14:22 - INFO - Added edge from shelf_1 to nearest landmark shelf_18 with relation left_of and distance 0.2461080653908997
2025-12-02 10:14:22 - INFO - Added edge from shelf_1 to nearest landmark shelf_5 with relation below and distance 0.3467310853338327
2025-12-02 10:14:22 - INFO - Added edge from shelf_2 to nearest landmark shelf_6 with relation below and distance 0.40181887619050516
2025-12-02 10:14:22 - INFO - Added edge from shelf_2 to nearest landmark shelf_9 with relation below and distance 0.9917929697636674
2025-12-02 10:14:22 - INFO - Added edge from shelf_5 to nearest landmark shelf_18 with relation left_of and distance 0.26380797510242643
2025-12-02 10:14:22 - INFO - Added edge from shelf_5 to nearest landmark shelf_1 with relation above and distance 0.4142281909351951
2025-12-02 10:14:22 - INFO - Added edge from shelf_6 to nearest landmark shelf_2 with relation above and distance 0.40181887619050516
2025-12-02 10:14:22 - INFO - Added edge from shelf_6 to nearest landmark shelf_9 with relation below and distance 0.5951807735770911
2025-12-02 10:14:22 - INFO - Added edge from table to nearest landmark table_32 with relation right_of and distance 1.0741215087883185
2025-12-02 10:14:22 - INFO - Added edge from table to nearest landmark shelf_22 with relation above and distance 1.2805580013585345
2025-12-02 10:14:22 - INFO - Added edge from shelf_8 to nearest landmark shelf_14 with relation left_of and distance 0.8976339619554466
2025-12-02 10:14:22 - INFO - Added edge from shelf_8 to nearest landmark shelf_11 with relation above and distance 1.2848544155626693
2025-12-02 10:14:22 - INFO - Added edge from shelf_9 to nearest landmark shelf_6 with relation above and distance 0.5951807735770911
2025-12-02 10:14:22 - INFO - Added edge from shelf_9 to nearest landmark shelf_2 with relation above and distance 0.9917929697636674
2025-12-02 10:14:22 - INFO - Added edge from shelf_11 to nearest landmark shelf_14 with relation below and distance 0.5002879900089723
2025-12-02 10:14:22 - INFO - Added edge from shelf_11 to nearest landmark shelf_8 with relation below and distance 1.2848544155626693
2025-12-02 10:14:22 - INFO - Added edge from shelf_12 to nearest landmark table_20 with relation in_front_of and distance 0.6212609240828787
2025-12-02 10:14:22 - INFO - Added edge from shelf_12 to nearest landmark shelf with relation left_of and distance 0.9287893457077482
2025-12-02 10:14:22 - INFO - Added edge from shelf_14 to nearest landmark shelf_11 with relation above and distance 0.5002879900089723
2025-12-02 10:14:22 - INFO - Added edge from shelf_14 to nearest landmark shelf_8 with relation right_of and distance 0.8976339619554466
2025-12-02 10:14:22 - INFO - Added edge from shelf_18 to nearest landmark shelf_5 with relation right_of and distance 0.42446681248787865
2025-12-02 10:14:22 - INFO - Added edge from shelf_18 to nearest landmark shelf_1 with relation right_of and distance 0.43660092447147775
2025-12-02 10:14:22 - INFO - Added edge from table_20 to nearest landmark shelf_12 with relation behind and distance 0.6212609240828787
2025-12-02 10:14:22 - INFO - Added edge from table_20 to nearest landmark shelf with relation left_of and distance 1.0950917771082544
2025-12-02 10:14:22 - INFO - Added edge from shelf_22 to nearest landmark table_34 with relation right_of and distance 0.9810300741636232
2025-12-02 10:14:22 - INFO - Added edge from shelf_22 to nearest landmark table with relation below and distance 1.2869267853537676
2025-12-02 10:14:22 - INFO - Added edge from shelf_22_22 to nearest landmark shelf_23 with relation below and distance 1.0174628684043692
2025-12-02 10:14:22 - INFO - Added edge from shelf_22_22 to nearest landmark shelf_25 with relation below and distance 1.2393397793738319
2025-12-02 10:14:22 - INFO - Added edge from shelf_23 to nearest landmark shelf_22_22 with relation above and distance 1.0174628684043692
2025-12-02 10:14:22 - INFO - Added edge from shelf_23 to nearest landmark shelf_25 with relation right_of and distance 1.054133229246149
2025-12-02 10:14:22 - INFO - Added edge from table_24 to nearest landmark shelf_1 with relation left_of and distance 0.47430995623127936
2025-12-02 10:14:22 - INFO - Added edge from table_24 to nearest landmark shelf_5 with relation left_of and distance 0.7917361061650169
2025-12-02 10:14:22 - INFO - Added edge from shelf_25 to nearest landmark shelf_23 with relation left_of and distance 1.054133229246149
2025-12-02 10:14:22 - INFO - Added edge from shelf_25 to nearest landmark shelf_22_22 with relation above and distance 1.2393397793738319
2025-12-02 10:14:22 - INFO - Added edge from table_26 to nearest landmark shelf with relation behind and distance 0.6389741091386745
2025-12-02 10:14:22 - INFO - Added edge from table_26 to nearest landmark shelf_8 with relation right_of and distance 1.4137779060793456
2025-12-02 10:14:22 - INFO - Added edge from shelf_27 to nearest landmark shelf_22 with relation right_of and distance 1.682847411663157
2025-12-02 10:14:22 - INFO - Added edge from shelf_27 to nearest landmark table_34 with relation right_of and distance 2.3507311929065593
2025-12-02 10:14:22 - INFO - Added edge from table_32 to nearest landmark shelf_5 with relation above and distance 0.9074169230366217
2025-12-02 10:14:22 - INFO - Added edge from table_32 to nearest landmark shelf_18 with relation above and distance 0.9152080386766634
2025-12-02 10:14:22 - INFO - Added edge from table_34 to nearest landmark shelf_22 with relation left_of and distance 0.9810300741636232
2025-12-02 10:14:22 - INFO - Added edge from table_34 to nearest landmark shelf_18 with relation right_of and distance 1.1353043283719255
2025-12-02 10:14:22 - INFO - Added edge from table_35 to nearest landmark shelf_6 with relation left_of and distance 1.4581655925521166
2025-12-02 10:14:22 - INFO - Added edge from table_35 to nearest landmark shelf_2 with relation left_of and distance 1.4942181023579921
2025-12-02 10:14:22 - INFO - Added edge from chair to nearest landmark shelf_2 with relation right_of and distance 1.4496529546108097
2025-12-02 10:14:22 - INFO - Added edge from chair to nearest landmark shelf_6 with relation right_of and distance 1.5227678564257219
2025-12-02 10:14:22 - INFO - Added edge from chair_4 to nearest landmark shelf with relation behind and distance 0.435579373040206
2025-12-02 10:14:22 - INFO - Added edge from chair_4 to nearest landmark table_26 with relation left_of and distance 0.5581682142690712
2025-12-02 10:14:22 - INFO - Added edge from chair_10 to nearest landmark shelf_9 with relation right_of and distance 1.7522068785624787
2025-12-02 10:14:22 - INFO - Added edge from chair_10 to nearest landmark shelf_6 with relation right_of and distance 1.9431629483300898
2025-12-02 10:14:22 - INFO - Added edge from box to nearest landmark shelf_22_22 with relation left_of and distance 0.9740501223269579
2025-12-02 10:14:22 - INFO - Added edge from box to nearest landmark shelf_25 with relation below and distance 1.480575386877435
2025-12-02 10:14:22 - INFO - Added edge from chair_15 to nearest landmark table_26 with relation right_of and distance 0.5048445669502568
2025-12-02 10:14:22 - INFO - Added edge from chair_15 to nearest landmark shelf_25 with relation left_of and distance 0.9921100127534238
2025-12-02 10:14:22 - INFO - Added edge from chair_16 to nearest landmark table_24 with relation right_of and distance 0.7950307147823722
2025-12-02 10:14:22 - INFO - Added edge from chair_16 to nearest landmark shelf_1 with relation below and distance 0.8038128552499624
2025-12-02 10:14:22 - INFO - Added edge from box_17 to nearest landmark shelf_25 with relation above and distance 0.7947455986338382
2025-12-02 10:14:22 - INFO - Added edge from box_17 to nearest landmark shelf_23 with relation left_of and distance 1.2957474412382521
2025-12-02 10:14:22 - INFO - Added edge from chair_19 to nearest landmark table_34 with relation below and distance 1.183332111360216
2025-12-02 10:14:22 - INFO - Added edge from chair_19 to nearest landmark shelf_25 with relation above and distance 1.5955353129089889
2025-12-02 10:14:22 - INFO - Added edge from chair_28 to nearest landmark table_35 with relation below and distance 0.489185806768138
2025-12-02 10:14:22 - INFO - Added edge from chair_28 to nearest landmark shelf_2 with relation left_of and distance 1.6587128233656045
2025-12-02 10:14:22 - INFO - Added edge from chair_29 to nearest landmark shelf_11 with relation right_of and distance 1.1465625658739556
2025-12-02 10:14:22 - INFO - Added edge from chair_29 to nearest landmark shelf_14 with relation right_of and distance 1.2785692949080751
2025-12-02 10:14:22 - INFO - Added edge from chair_30 to nearest landmark shelf_25 with relation left_of and distance 0.831417313799569
2025-12-02 10:14:22 - INFO - Added edge from chair_30 to nearest landmark shelf_14 with relation right_of and distance 1.1579286829963227
2025-12-02 10:14:22 - INFO - Added edge from chair_31 to nearest landmark table_26 with relation right_of and distance 0.9839041228650254
2025-12-02 10:14:22 - INFO - Added edge from chair_31 to nearest landmark shelf_25 with relation above and distance 1.1439253812992491
2025-12-02 10:14:22 - INFO - Added edge from chair_33 to nearest landmark table_34 with relation below and distance 0.7392489352034658
2025-12-02 10:14:22 - INFO - Added edge from chair_33 to nearest landmark shelf_18 with relation right_of and distance 1.1622914620218945
2025-12-02 10:14:22 - INFO - 知识图谱已保存至 /home/gwk/langChain_Test/graphs_minicar/visual_finall_current_globalgraph.html
2025-12-02 10:14:22 - INFO - 当前步骤全局知识图已保存为 graphs_minicar/visual_finall_current_globalgraph.html
2025-12-02 10:14:22 - INFO - --------------------------------
2025-12-02 10:14:22 - INFO - Processing step1
2025-12-02 10:14:22 - INFO - 知识图谱已保存至 /home/gwk/langChain_Test/graphs/step1_knowledge_graph.html
2025-12-02 10:14:22 - INFO - 子图已保存为 graphs/step1_knowledge_graph.html
2025-12-02 10:14:23 - INFO - 全局知识图谱为空，已将当前子图设为全局图谱
2025-12-02 10:14:23 - INFO - 全局知识图谱,embedding,index已保存到磁盘
